[INFO] Scanning for projects...
[INFO] 
[INFO] --------------------< com.resortmanagement:system >---------------------
[INFO] Building system 0.0.1-SNAPSHOT
[INFO]   from pom.xml
[INFO] --------------------------------[ jar ]---------------------------------
[INFO] 
[INFO] --- resources:3.3.1:resources (default-resources) @ system ---
[INFO] Copying 1 resource from src\main\resources to target\classes
[INFO] Copying 3 resources from src\main\resources to target\classes
[INFO] 
[INFO] --- compiler:3.13.0:compile (default-compile) @ system ---
[INFO] Recompiling the module because of changed source code.
[INFO] Compiling 223 source files with javac [debug parameters release 21] to target\classes
[INFO] -------------------------------------------------------------
[ERROR] COMPILATION ERROR : 
[INFO] -------------------------------------------------------------
[ERROR] /C:/Users/admin/Desktop/Resort_Management_System/src/main/java/com/resortmanagement/system/marketing/controller/PromotionController.java:[11,59] cannot access com.resortmanagement.system.marketing.dto.promotion.PromotionRequest
  bad source file: C:\Users\admin\Desktop\Resort_Management_System\src\main\java\com\resortmanagement\system\marketing\dto\promotion\PromotionRequest.java
    file does not contain class com.resortmanagement.system.marketing.dto.promotion.PromotionRequest
    Please remove or make sure it appears in the correct subdirectory of the sourcepath.
[ERROR] /C:/Users/admin/Desktop/Resort_Management_System/src/main/java/com/resortmanagement/system/hr/service/EmployeeRoleService.java:[12,42] cannot find symbol
  symbol:   class HRMapper
  location: package com.resortmanagement.system.hr.dto
[ERROR] /C:/Users/admin/Desktop/Resort_Management_System/src/main/java/com/resortmanagement/system/hr/service/EmployeeRoleService.java:[27,19] cannot find symbol
  symbol:   class HRMapper
  location: class com.resortmanagement.system.hr.service.EmployeeRoleService
[ERROR] /C:/Users/admin/Desktop/Resort_Management_System/src/main/java/com/resortmanagement/system/hr/service/EmployeeRoleService.java:[33,13] cannot find symbol
  symbol:   class HRMapper
  location: class com.resortmanagement.system.hr.service.EmployeeRoleService
[ERROR] /C:/Users/admin/Desktop/Resort_Management_System/src/main/java/com/resortmanagement/system/marketing/service/PackageItemService.java:[9,49] cannot find symbol
  symbol:   class MarketingMapper
  location: package com.resortmanagement.system.marketing.dto
[ERROR] /C:/Users/admin/Desktop/Resort_Management_System/src/main/java/com/resortmanagement/system/marketing/service/PackageItemService.java:[22,19] cannot find symbol
  symbol:   class MarketingMapper
  location: class com.resortmanagement.system.marketing.service.PackageItemService
[ERROR] /C:/Users/admin/Desktop/Resort_Management_System/src/main/java/com/resortmanagement/system/marketing/service/PackageItemService.java:[27,13] cannot find symbol
  symbol:   class MarketingMapper
  location: class com.resortmanagement.system.marketing.service.PackageItemService
[ERROR] /C:/Users/admin/Desktop/Resort_Management_System/src/main/java/com/resortmanagement/system/marketing/dto/promotion/PromotionRequest.java:[15,8] duplicate class: com.resortmanagement.system.hr.dto.promotion.PromotionRequest
[ERROR] /C:/Users/admin/Desktop/Resort_Management_System/src/main/java/com/resortmanagement/system/marketing/controller/PromotionController.java:[38,75] cannot find symbol
  symbol:   class PromotionRequest
  location: class com.resortmanagement.system.marketing.controller.PromotionController
[ERROR] /C:/Users/admin/Desktop/Resort_Management_System/src/main/java/com/resortmanagement/system/marketing/controller/PromotionController.java:[46,26] cannot find symbol
  symbol:   class PromotionRequest
  location: class com.resortmanagement.system.marketing.controller.PromotionController
[ERROR] /C:/Users/admin/Desktop/Resort_Management_System/src/main/java/com/resortmanagement/system/marketing/service/PromotionService.java:[40,35] cannot find symbol
  symbol:   class PromotionRequest
  location: class com.resortmanagement.system.marketing.service.PromotionService
[ERROR] /C:/Users/admin/Desktop/Resort_Management_System/src/main/java/com/resortmanagement/system/marketing/service/PromotionService.java:[53,46] cannot find symbol
  symbol:   class PromotionRequest
  location: class com.resortmanagement.system.marketing.service.PromotionService
[ERROR] /C:/Users/admin/Desktop/Resort_Management_System/src/main/java/com/resortmanagement/system/marketing/mapper/PromotionMapper.java:[37,31] cannot find symbol
  symbol:   class PromotionRequest
  location: class com.resortmanagement.system.marketing.mapper.PromotionMapper
[ERROR] /C:/Users/admin/Desktop/Resort_Management_System/src/main/java/com/resortmanagement/system/marketing/mapper/PromotionMapper.java:[57,48] cannot find symbol
  symbol:   class PromotionRequest
  location: class com.resortmanagement.system.marketing.mapper.PromotionMapper
[ERROR] /C:/Users/admin/Desktop/Resort_Management_System/src/main/java/com/resortmanagement/system/common/guest/GuestService.java:[38,48] cannot find symbol
  symbol:   method getEmail()
  location: variable guest of type com.resortmanagement.system.common.guest.Guest
[ERROR] /C:/Users/admin/Desktop/Resort_Management_System/src/main/java/com/resortmanagement/system/common/guest/GuestService.java:[56,43] cannot find symbol
  symbol:   method getFirstName()
  location: variable updatedGuest of type com.resortmanagement.system.common.guest.Guest
[ERROR] /C:/Users/admin/Desktop/Resort_Management_System/src/main/java/com/resortmanagement/system/common/guest/GuestService.java:[57,42] cannot find symbol
  symbol:   method getLastName()
  location: variable updatedGuest of type com.resortmanagement.system.common.guest.Guest
[ERROR] /C:/Users/admin/Desktop/Resort_Management_System/src/main/java/com/resortmanagement/system/common/guest/GuestService.java:[58,39] cannot find symbol
  symbol:   method getPhone()
  location: variable updatedGuest of type com.resortmanagement.system.common.guest.Guest
[ERROR] /C:/Users/admin/Desktop/Resort_Management_System/src/main/java/com/resortmanagement/system/common/guest/GuestService.java:[59,41] cannot find symbol
  symbol:   method getAddress()
  location: variable updatedGuest of type com.resortmanagement.system.common.guest.Guest
[ERROR] /C:/Users/admin/Desktop/Resort_Management_System/src/main/java/com/resortmanagement/system/common/guest/GuestService.java:[60,37] cannot find symbol
  symbol:   method getDob()
  location: variable updatedGuest of type com.resortmanagement.system.common.guest.Guest
[ERROR] /C:/Users/admin/Desktop/Resort_Management_System/src/main/java/com/resortmanagement/system/common/guest/GuestService.java:[76,14] cannot find symbol
  symbol:   method setFirstName(java.lang.String)
  location: variable guest of type com.resortmanagement.system.common.guest.Guest
[ERROR] /C:/Users/admin/Desktop/Resort_Management_System/src/main/java/com/resortmanagement/system/common/guest/GuestService.java:[77,14] cannot find symbol
  symbol:   method setLastName(java.lang.String)
  location: variable guest of type com.resortmanagement.system.common.guest.Guest
[ERROR] /C:/Users/admin/Desktop/Resort_Management_System/src/main/java/com/resortmanagement/system/common/guest/GuestService.java:[78,14] cannot find symbol
  symbol:   method setEmail(java.lang.String)
  location: variable guest of type com.resortmanagement.system.common.guest.Guest
[ERROR] /C:/Users/admin/Desktop/Resort_Management_System/src/main/java/com/resortmanagement/system/common/guest/GuestService.java:[79,14] cannot find symbol
  symbol:   method setPhone(<nulltype>)
  location: variable guest of type com.resortmanagement.system.common.guest.Guest
[ERROR] /C:/Users/admin/Desktop/Resort_Management_System/src/main/java/com/resortmanagement/system/common/guest/GuestService.java:[80,14] cannot find symbol
  symbol:   method setAddress(<nulltype>)
  location: variable guest of type com.resortmanagement.system.common.guest.Guest
[ERROR] /C:/Users/admin/Desktop/Resort_Management_System/src/main/java/com/resortmanagement/system/common/guest/GuestService.java:[81,14] cannot find symbol
  symbol:   method setDob(<nulltype>)
  location: variable guest of type com.resortmanagement.system.common.guest.Guest
[ERROR] /C:/Users/admin/Desktop/Resort_Management_System/src/main/java/com/resortmanagement/system/hr/service/EmployeeService.java:[41,16] cannot find symbol
  symbol:   method getFirstName()
  location: variable dto of type com.resortmanagement.system.hr.dto.employee.EmployeeRequest
[ERROR] /C:/Users/admin/Desktop/Resort_Management_System/src/main/java/com/resortmanagement/system/hr/service/EmployeeService.java:[41,46] cannot find symbol
  symbol:   method getFirstName()
  location: variable dto of type com.resortmanagement.system.hr.dto.employee.EmployeeRequest
[ERROR] /C:/Users/admin/Desktop/Resort_Management_System/src/main/java/com/resortmanagement/system/hr/service/EmployeeService.java:[44,16] cannot find symbol
  symbol:   method getLastName()
  location: variable dto of type com.resortmanagement.system.hr.dto.employee.EmployeeRequest
[ERROR] /C:/Users/admin/Desktop/Resort_Management_System/src/main/java/com/resortmanagement/system/hr/service/EmployeeService.java:[44,45] cannot find symbol
  symbol:   method getLastName()
  location: variable dto of type com.resortmanagement.system.hr.dto.employee.EmployeeRequest
[ERROR] /C:/Users/admin/Desktop/Resort_Management_System/src/main/java/com/resortmanagement/system/hr/service/EmployeeService.java:[47,16] cannot find symbol
  symbol:   method getEmail()
  location: variable dto of type com.resortmanagement.system.hr.dto.employee.EmployeeRequest
[ERROR] /C:/Users/admin/Desktop/Resort_Management_System/src/main/java/com/resortmanagement/system/hr/service/EmployeeService.java:[47,42] cannot find symbol
  symbol:   method getEmail()
  location: variable dto of type com.resortmanagement.system.hr.dto.employee.EmployeeRequest
[ERROR] /C:/Users/admin/Desktop/Resort_Management_System/src/main/java/com/resortmanagement/system/hr/service/EmployeeService.java:[74,26] cannot find symbol
  symbol:   method findByStatusAndDeletedFalse(com.resortmanagement.system.hr.entity.Employee.EmployeeStatus,org.springframework.data.domain.Pageable)
  location: variable repository of type com.resortmanagement.system.hr.repository.EmployeeRepository
[ERROR] /C:/Users/admin/Desktop/Resort_Management_System/src/main/java/com/resortmanagement/system/hr/mapper/EmployeeMapper.java:[28,32] cannot find symbol
  symbol:   method builder()
  location: class com.resortmanagement.system.hr.dto.employee.EmployeeResponse
[ERROR] /C:/Users/admin/Desktop/Resort_Management_System/src/main/java/com/resortmanagement/system/hr/mapper/EmployeeMapper.java:[29,27] cannot find symbol
  symbol:   method getId()
  location: variable entity of type com.resortmanagement.system.hr.entity.Employee
[ERROR] /C:/Users/admin/Desktop/Resort_Management_System/src/main/java/com/resortmanagement/system/hr/mapper/EmployeeMapper.java:[30,34] cannot find symbol
  symbol:   method getFirstName()
  location: variable entity of type com.resortmanagement.system.hr.entity.Employee
[ERROR] /C:/Users/admin/Desktop/Resort_Management_System/src/main/java/com/resortmanagement/system/hr/mapper/EmployeeMapper.java:[31,33] cannot find symbol
  symbol:   method getLastName()
  location: variable entity of type com.resortmanagement.system.hr.entity.Employee
[ERROR] /C:/Users/admin/Desktop/Resort_Management_System/src/main/java/com/resortmanagement/system/hr/mapper/EmployeeMapper.java:[32,30] cannot find symbol
  symbol:   method getEmail()
  location: variable entity of type com.resortmanagement.system.hr.entity.Employee
[ERROR] /C:/Users/admin/Desktop/Resort_Management_System/src/main/java/com/resortmanagement/system/hr/mapper/EmployeeMapper.java:[33,30] cannot find symbol
  symbol:   method getPhone()
  location: variable entity of type com.resortmanagement.system.hr.entity.Employee
[ERROR] /C:/Users/admin/Desktop/Resort_Management_System/src/main/java/com/resortmanagement/system/hr/mapper/EmployeeMapper.java:[34,33] cannot find symbol
  symbol:   method getHireDate()
  location: variable entity of type com.resortmanagement.system.hr.entity.Employee
[ERROR] /C:/Users/admin/Desktop/Resort_Management_System/src/main/java/com/resortmanagement/system/hr/mapper/EmployeeMapper.java:[35,31] cannot find symbol
  symbol:   method getStatus()
  location: variable entity of type com.resortmanagement.system.hr.entity.Employee
[ERROR] /C:/Users/admin/Desktop/Resort_Management_System/src/main/java/com/resortmanagement/system/hr/mapper/EmployeeMapper.java:[36,30] cannot find symbol
  symbol:   method getRoles()
  location: variable entity of type com.resortmanagement.system.hr.entity.Employee
[ERROR] /C:/Users/admin/Desktop/Resort_Management_System/src/main/java/com/resortmanagement/system/hr/mapper/EmployeeMapper.java:[37,33] cannot find symbol
  symbol:   method getRoles()
  location: variable entity of type com.resortmanagement.system.hr.entity.Employee
[ERROR] /C:/Users/admin/Desktop/Resort_Management_System/src/main/java/com/resortmanagement/system/hr/mapper/EmployeeMapper.java:[41,34] cannot find symbol
  symbol:   method getCreatedAt()
  location: variable entity of type com.resortmanagement.system.hr.entity.Employee
[ERROR] /C:/Users/admin/Desktop/Resort_Management_System/src/main/java/com/resortmanagement/system/hr/mapper/EmployeeMapper.java:[42,34] cannot find symbol
  symbol:   method getUpdatedAt()
  location: variable entity of type com.resortmanagement.system.hr.entity.Employee
[ERROR] /C:/Users/admin/Desktop/Resort_Management_System/src/main/java/com/resortmanagement/system/hr/mapper/EmployeeMapper.java:[54,24] cannot find symbol
  symbol:   method builder()
  location: class com.resortmanagement.system.hr.entity.Employee
[ERROR] /C:/Users/admin/Desktop/Resort_Management_System/src/main/java/com/resortmanagement/system/hr/mapper/EmployeeMapper.java:[55,35] cannot find symbol
  symbol:   method getFirstName()
  location: variable request of type com.resortmanagement.system.hr.dto.employee.EmployeeRequest
[ERROR] /C:/Users/admin/Desktop/Resort_Management_System/src/main/java/com/resortmanagement/system/hr/mapper/EmployeeMapper.java:[56,34] cannot find symbol
  symbol:   method getLastName()
  location: variable request of type com.resortmanagement.system.hr.dto.employee.EmployeeRequest
[ERROR] /C:/Users/admin/Desktop/Resort_Management_System/src/main/java/com/resortmanagement/system/hr/mapper/EmployeeMapper.java:[57,31] cannot find symbol
  symbol:   method getEmail()
  location: variable request of type com.resortmanagement.system.hr.dto.employee.EmployeeRequest
[ERROR] /C:/Users/admin/Desktop/Resort_Management_System/src/main/java/com/resortmanagement/system/hr/mapper/EmployeeMapper.java:[58,31] cannot find symbol
  symbol:   method getPhone()
  location: variable request of type com.resortmanagement.system.hr.dto.employee.EmployeeRequest
[ERROR] /C:/Users/admin/Desktop/Resort_Management_System/src/main/java/com/resortmanagement/system/hr/mapper/EmployeeMapper.java:[59,34] cannot find symbol
  symbol:   method getHireDate()
  location: variable request of type com.resortmanagement.system.hr.dto.employee.EmployeeRequest
[ERROR] /C:/Users/admin/Desktop/Resort_Management_System/src/main/java/com/resortmanagement/system/hr/mapper/EmployeeMapper.java:[60,32] cannot find symbol
  symbol:   method getStatus()
  location: variable request of type com.resortmanagement.system.hr.dto.employee.EmployeeRequest
[ERROR] /C:/Users/admin/Desktop/Resort_Management_System/src/main/java/com/resortmanagement/system/hr/mapper/EmployeeMapper.java:[73,36] cannot find symbol
  symbol:   method getFirstName()
  location: variable request of type com.resortmanagement.system.hr.dto.employee.EmployeeRequest
[ERROR] /C:/Users/admin/Desktop/Resort_Management_System/src/main/java/com/resortmanagement/system/hr/mapper/EmployeeMapper.java:[74,35] cannot find symbol
  symbol:   method getLastName()
  location: variable request of type com.resortmanagement.system.hr.dto.employee.EmployeeRequest
[ERROR] /C:/Users/admin/Desktop/Resort_Management_System/src/main/java/com/resortmanagement/system/hr/mapper/EmployeeMapper.java:[75,32] cannot find symbol
  symbol:   method getEmail()
  location: variable request of type com.resortmanagement.system.hr.dto.employee.EmployeeRequest
[ERROR] /C:/Users/admin/Desktop/Resort_Management_System/src/main/java/com/resortmanagement/system/hr/mapper/EmployeeMapper.java:[76,32] cannot find symbol
  symbol:   method getPhone()
  location: variable request of type com.resortmanagement.system.hr.dto.employee.EmployeeRequest
[ERROR] /C:/Users/admin/Desktop/Resort_Management_System/src/main/java/com/resortmanagement/system/hr/mapper/EmployeeMapper.java:[77,35] cannot find symbol
  symbol:   method getHireDate()
  location: variable request of type com.resortmanagement.system.hr.dto.employee.EmployeeRequest
[ERROR] /C:/Users/admin/Desktop/Resort_Management_System/src/main/java/com/resortmanagement/system/hr/mapper/EmployeeMapper.java:[78,33] cannot find symbol
  symbol:   method getStatus()
  location: variable request of type com.resortmanagement.system.hr.dto.employee.EmployeeRequest
[ERROR] /C:/Users/admin/Desktop/Resort_Management_System/src/main/java/com/resortmanagement/system/hr/mapper/RoleMapper.java:[19,28] cannot find symbol
  symbol:   method builder()
  location: class com.resortmanagement.system.hr.dto.role.RoleResponse
[ERROR] /C:/Users/admin/Desktop/Resort_Management_System/src/main/java/com/resortmanagement/system/hr/mapper/RoleMapper.java:[20,27] cannot find symbol
  symbol:   method getId()
  location: variable entity of type com.resortmanagement.system.hr.entity.Role
[ERROR] /C:/Users/admin/Desktop/Resort_Management_System/src/main/java/com/resortmanagement/system/hr/mapper/RoleMapper.java:[21,29] cannot find symbol
  symbol:   method getName()
  location: variable entity of type com.resortmanagement.system.hr.entity.Role
[ERROR] /C:/Users/admin/Desktop/Resort_Management_System/src/main/java/com/resortmanagement/system/hr/mapper/RoleMapper.java:[22,36] cannot find symbol
  symbol:   method getDescription()
  location: variable entity of type com.resortmanagement.system.hr.entity.Role
[ERROR] /C:/Users/admin/Desktop/Resort_Management_System/src/main/java/com/resortmanagement/system/hr/mapper/RoleMapper.java:[23,34] cannot find symbol
  symbol:   method getCreatedAt()
  location: variable entity of type com.resortmanagement.system.hr.entity.Role
[ERROR] /C:/Users/admin/Desktop/Resort_Management_System/src/main/java/com/resortmanagement/system/hr/mapper/RoleMapper.java:[24,34] cannot find symbol
  symbol:   method getUpdatedAt()
  location: variable entity of type com.resortmanagement.system.hr.entity.Role
[ERROR] /C:/Users/admin/Desktop/Resort_Management_System/src/main/java/com/resortmanagement/system/hr/mapper/RoleMapper.java:[36,20] cannot find symbol
  symbol:   method builder()
  location: class com.resortmanagement.system.hr.entity.Role
[ERROR] /C:/Users/admin/Desktop/Resort_Management_System/src/main/java/com/resortmanagement/system/hr/mapper/RoleMapper.java:[37,30] cannot find symbol
  symbol:   method getName()
  location: variable request of type com.resortmanagement.system.hr.dto.role.RoleRequest
[ERROR] /C:/Users/admin/Desktop/Resort_Management_System/src/main/java/com/resortmanagement/system/hr/mapper/RoleMapper.java:[38,37] cannot find symbol
  symbol:   method getDescription()
  location: variable request of type com.resortmanagement.system.hr.dto.role.RoleRequest
[ERROR] /C:/Users/admin/Desktop/Resort_Management_System/src/main/java/com/resortmanagement/system/hr/mapper/RoleMapper.java:[50,31] cannot find symbol
  symbol:   method getName()
  location: variable request of type com.resortmanagement.system.hr.dto.role.RoleRequest
[ERROR] /C:/Users/admin/Desktop/Resort_Management_System/src/main/java/com/resortmanagement/system/hr/mapper/RoleMapper.java:[51,38] cannot find symbol
  symbol:   method getDescription()
  location: variable request of type com.resortmanagement.system.hr.dto.role.RoleRequest
[ERROR] /C:/Users/admin/Desktop/Resort_Management_System/src/main/java/com/resortmanagement/system/hr/controller/EmployeeRoleController.java:[45,16] cannot find symbol
  symbol:   method getEmployeeId()
  location: variable dto of type com.resortmanagement.system.hr.dto.EmployeeRoleDTO
[ERROR] /C:/Users/admin/Desktop/Resort_Management_System/src/main/java/com/resortmanagement/system/hr/controller/EmployeeRoleController.java:[45,47] cannot find symbol
  symbol:   method getRoleId()
  location: variable dto of type com.resortmanagement.system.hr.dto.EmployeeRoleDTO
[ERROR] /C:/Users/admin/Desktop/Resort_Management_System/src/main/java/com/resortmanagement/system/hr/service/EmployeeRoleService.java:[51,16] cannot find symbol
  symbol:   method getEmployeeId()
  location: variable dto of type com.resortmanagement.system.hr.dto.EmployeeRoleDTO
[ERROR] /C:/Users/admin/Desktop/Resort_Management_System/src/main/java/com/resortmanagement/system/hr/service/EmployeeRoleService.java:[54,16] cannot find symbol
  symbol:   method getRoleId()
  location: variable dto of type com.resortmanagement.system.hr.dto.EmployeeRoleDTO
[ERROR] /C:/Users/admin/Desktop/Resort_Management_System/src/main/java/com/resortmanagement/system/hr/service/EmployeeRoleService.java:[60,60] cannot find symbol
  symbol:   method getEmployeeId()
  location: variable dto of type com.resortmanagement.system.hr.dto.EmployeeRoleDTO
[ERROR] /C:/Users/admin/Desktop/Resort_Management_System/src/main/java/com/resortmanagement/system/hr/service/EmployeeRoleService.java:[62,15] cannot find symbol
  symbol:   method setEmployee(com.resortmanagement.system.hr.entity.Employee)
  location: variable entity of type com.resortmanagement.system.hr.entity.EmployeeRole
[ERROR] /C:/Users/admin/Desktop/Resort_Management_System/src/main/java/com/resortmanagement/system/hr/service/EmployeeRoleService.java:[64,48] cannot find symbol
  symbol:   method getRoleId()
  location: variable dto of type com.resortmanagement.system.hr.dto.EmployeeRoleDTO
[ERROR] /C:/Users/admin/Desktop/Resort_Management_System/src/main/java/com/resortmanagement/system/hr/service/EmployeeRoleService.java:[66,15] cannot find symbol
  symbol:   method setRole(com.resortmanagement.system.hr.entity.Role)
  location: variable entity of type com.resortmanagement.system.hr.entity.EmployeeRole
[ERROR] /C:/Users/admin/Desktop/Resort_Management_System/src/main/java/com/resortmanagement/system/hr/service/EmployeeRoleService.java:[68,35] cannot find symbol
  symbol:   method getAssignedDate()
  location: variable dto of type com.resortmanagement.system.hr.dto.EmployeeRoleDTO
[ERROR] /C:/Users/admin/Desktop/Resort_Management_System/src/main/java/com/resortmanagement/system/hr/service/EmployeeRoleService.java:[69,30] cannot find symbol
  symbol:   method getEndDate()
  location: variable dto of type com.resortmanagement.system.hr.dto.EmployeeRoleDTO
[ERROR] /C:/Users/admin/Desktop/Resort_Management_System/src/main/java/com/resortmanagement/system/hr/service/EmployeeRoleService.java:[78,28] cannot find symbol
  symbol:   method getEmployeeId()
  location: variable dto of type com.resortmanagement.system.hr.dto.EmployeeRoleDTO
[ERROR] /C:/Users/admin/Desktop/Resort_Management_System/src/main/java/com/resortmanagement/system/hr/service/EmployeeRoleService.java:[78,65] cannot find symbol
  symbol:   method getEmployee()
  location: variable existing of type com.resortmanagement.system.hr.entity.EmployeeRole
[ERROR] /C:/Users/admin/Desktop/Resort_Management_System/src/main/java/com/resortmanagement/system/hr/service/EmployeeRoleService.java:[78,98] cannot find symbol
  symbol:   method getEmployeeId()
  location: variable dto of type com.resortmanagement.system.hr.dto.EmployeeRoleDTO
[ERROR] /C:/Users/admin/Desktop/Resort_Management_System/src/main/java/com/resortmanagement/system/hr/service/EmployeeRoleService.java:[79,76] cannot find symbol
  symbol:   method getEmployeeId()
  location: variable dto of type com.resortmanagement.system.hr.dto.EmployeeRoleDTO
[ERROR] /C:/Users/admin/Desktop/Resort_Management_System/src/main/java/com/resortmanagement/system/hr/service/EmployeeRoleService.java:[81,33] cannot find symbol
  symbol:   method setEmployee(com.resortmanagement.system.hr.entity.Employee)
  location: variable existing of type com.resortmanagement.system.hr.entity.EmployeeRole
[ERROR] /C:/Users/admin/Desktop/Resort_Management_System/src/main/java/com/resortmanagement/system/hr/service/EmployeeRoleService.java:[83,28] cannot find symbol
  symbol:   method getRoleId()
  location: variable dto of type com.resortmanagement.system.hr.dto.EmployeeRoleDTO
[ERROR] /C:/Users/admin/Desktop/Resort_Management_System/src/main/java/com/resortmanagement/system/hr/service/EmployeeRoleService.java:[83,61] cannot find symbol
  symbol:   method getRole()
  location: variable existing of type com.resortmanagement.system.hr.entity.EmployeeRole
[ERROR] /C:/Users/admin/Desktop/Resort_Management_System/src/main/java/com/resortmanagement/system/hr/service/EmployeeRoleService.java:[83,90] cannot find symbol
  symbol:   method getRoleId()
  location: variable dto of type com.resortmanagement.system.hr.dto.EmployeeRoleDTO
[ERROR] /C:/Users/admin/Desktop/Resort_Management_System/src/main/java/com/resortmanagement/system/hr/service/EmployeeRoleService.java:[84,64] cannot find symbol
  symbol:   method getRoleId()
  location: variable dto of type com.resortmanagement.system.hr.dto.EmployeeRoleDTO
[ERROR] /C:/Users/admin/Desktop/Resort_Management_System/src/main/java/com/resortmanagement/system/hr/service/EmployeeRoleService.java:[86,33] cannot find symbol
  symbol:   method setRole(com.resortmanagement.system.hr.entity.Role)
  location: variable existing of type com.resortmanagement.system.hr.entity.EmployeeRole
[ERROR] /C:/Users/admin/Desktop/Resort_Management_System/src/main/java/com/resortmanagement/system/hr/service/EmployeeRoleService.java:[89,49] cannot find symbol
  symbol:   method getAssignedDate()
  location: variable dto of type com.resortmanagement.system.hr.dto.EmployeeRoleDTO
[ERROR] /C:/Users/admin/Desktop/Resort_Management_System/src/main/java/com/resortmanagement/system/hr/service/EmployeeRoleService.java:[90,44] cannot find symbol
  symbol:   method getEndDate()
  location: variable dto of type com.resortmanagement.system.hr.dto.EmployeeRoleDTO
[ERROR] /C:/Users/admin/Desktop/Resort_Management_System/src/main/java/com/resortmanagement/system/hr/service/EmployeeRoleService.java:[93,29] incompatible types: no instance(s) of type variable(s) X exist so that java.lang.Object conforms to com.resortmanagement.system.hr.dto.EmployeeRoleDTO
[ERROR] /C:/Users/admin/Desktop/Resort_Management_System/src/main/java/com/resortmanagement/system/hr/service/PayrollService.java:[32,26] method findByDeletedFalse in interface com.resortmanagement.system.common.repository.SoftDeleteRepository<T,ID> cannot be applied to given types;
  required: no arguments
  found:    org.springframework.data.domain.Pageable
  reason: actual and formal argument lists differ in length
[ERROR] /C:/Users/admin/Desktop/Resort_Management_System/src/main/java/com/resortmanagement/system/hr/service/PayrollService.java:[41,16] cannot find symbol
  symbol:   method getEmployeeId()
  location: variable dto of type com.resortmanagement.system.hr.dto.payroll.PayrollRequest
[ERROR] /C:/Users/admin/Desktop/Resort_Management_System/src/main/java/com/resortmanagement/system/hr/service/PayrollService.java:[44,16] cannot find symbol
  symbol:   method getPeriodStart()
  location: variable dto of type com.resortmanagement.system.hr.dto.payroll.PayrollRequest
[ERROR] /C:/Users/admin/Desktop/Resort_Management_System/src/main/java/com/resortmanagement/system/hr/service/PayrollService.java:[47,16] cannot find symbol
  symbol:   method getPeriodEnd()
  location: variable dto of type com.resortmanagement.system.hr.dto.payroll.PayrollRequest
[ERROR] /C:/Users/admin/Desktop/Resort_Management_System/src/main/java/com/resortmanagement/system/hr/service/PayrollService.java:[74,26] cannot find symbol
  symbol:   method findByEmployee_IdAndDeletedFalse(java.util.UUID,org.springframework.data.domain.Pageable)
  location: variable repository of type com.resortmanagement.system.hr.repository.PayrollRepository
[ERROR] /C:/Users/admin/Desktop/Resort_Management_System/src/main/java/com/resortmanagement/system/hr/mapper/PayrollMapper.java:[27,9] cannot find symbol
  symbol:   class UUID
  location: class com.resortmanagement.system.hr.mapper.PayrollMapper
[ERROR] /C:/Users/admin/Desktop/Resort_Management_System/src/main/java/com/resortmanagement/system/hr/mapper/PayrollMapper.java:[30,19] cannot find symbol
  symbol:   method getEmployee()
  location: variable entity of type com.resortmanagement.system.hr.entity.Payroll
[ERROR] /C:/Users/admin/Desktop/Resort_Management_System/src/main/java/com/resortmanagement/system/hr/mapper/PayrollMapper.java:[31,32] cannot find symbol
  symbol:   method getEmployee()
  location: variable entity of type com.resortmanagement.system.hr.entity.Payroll
[INFO] 100 errors 
[INFO] -------------------------------------------------------------
[INFO] ------------------------------------------------------------------------
[INFO] BUILD FAILURE
[INFO] ------------------------------------------------------------------------
[INFO] Total time:  3.552 s
[INFO] Finished at: 2026-02-10T14:37:18+05:30
[INFO] ------------------------------------------------------------------------
[ERROR] Failed to execute goal org.apache.maven.plugins:maven-compiler-plugin:3.13.0:compile (default-compile) on project system: Compilation failure: Compilation failure: 
[ERROR] /C:/Users/admin/Desktop/Resort_Management_System/src/main/java/com/resortmanagement/system/marketing/controller/PromotionController.java:[11,59] cannot access com.resortmanagement.system.marketing.dto.promotion.PromotionRequest
[ERROR]   bad source file: C:\Users\admin\Desktop\Resort_Management_System\src\main\java\com\resortmanagement\system\marketing\dto\promotion\PromotionRequest.java
[ERROR]     file does not contain class com.resortmanagement.system.marketing.dto.promotion.PromotionRequest
[ERROR]     Please remove or make sure it appears in the correct subdirectory of the sourcepath.
[ERROR] /C:/Users/admin/Desktop/Resort_Management_System/src/main/java/com/resortmanagement/system/hr/service/EmployeeRoleService.java:[12,42] cannot find symbol
[ERROR]   symbol:   class HRMapper
[ERROR]   location: package com.resortmanagement.system.hr.dto
[ERROR] /C:/Users/admin/Desktop/Resort_Management_System/src/main/java/com/resortmanagement/system/hr/service/EmployeeRoleService.java:[27,19] cannot find symbol
[ERROR]   symbol:   class HRMapper
[ERROR]   location: class com.resortmanagement.system.hr.service.EmployeeRoleService
[ERROR] /C:/Users/admin/Desktop/Resort_Management_System/src/main/java/com/resortmanagement/system/hr/service/EmployeeRoleService.java:[33,13] cannot find symbol
[ERROR]   symbol:   class HRMapper
[ERROR]   location: class com.resortmanagement.system.hr.service.EmployeeRoleService
[ERROR] /C:/Users/admin/Desktop/Resort_Management_System/src/main/java/com/resortmanagement/system/marketing/service/PackageItemService.java:[9,49] cannot find symbol
[ERROR]   symbol:   class MarketingMapper
[ERROR]   location: package com.resortmanagement.system.marketing.dto
[ERROR] /C:/Users/admin/Desktop/Resort_Management_System/src/main/java/com/resortmanagement/system/marketing/service/PackageItemService.java:[22,19] cannot find symbol
[ERROR]   symbol:   class MarketingMapper
[ERROR]   location: class com.resortmanagement.system.marketing.service.PackageItemService
[ERROR] /C:/Users/admin/Desktop/Resort_Management_System/src/main/java/com/resortmanagement/system/marketing/service/PackageItemService.java:[27,13] cannot find symbol
[ERROR]   symbol:   class MarketingMapper
[ERROR]   location: class com.resortmanagement.system.marketing.service.PackageItemService
[ERROR] /C:/Users/admin/Desktop/Resort_Management_System/src/main/java/com/resortmanagement/system/marketing/dto/promotion/PromotionRequest.java:[15,8] duplicate class: com.resortmanagement.system.hr.dto.promotion.PromotionRequest
[ERROR] /C:/Users/admin/Desktop/Resort_Management_System/src/main/java/com/resortmanagement/system/marketing/controller/PromotionController.java:[38,75] cannot find symbol
[ERROR]   symbol:   class PromotionRequest
[ERROR]   location: class com.resortmanagement.system.marketing.controller.PromotionController
[ERROR] /C:/Users/admin/Desktop/Resort_Management_System/src/main/java/com/resortmanagement/system/marketing/controller/PromotionController.java:[46,26] cannot find symbol
[ERROR]   symbol:   class PromotionRequest
[ERROR]   location: class com.resortmanagement.system.marketing.controller.PromotionController
[ERROR] /C:/Users/admin/Desktop/Resort_Management_System/src/main/java/com/resortmanagement/system/marketing/service/PromotionService.java:[40,35] cannot find symbol
[ERROR]   symbol:   class PromotionRequest
[ERROR]   location: class com.resortmanagement.system.marketing.service.PromotionService
[ERROR] /C:/Users/admin/Desktop/Resort_Management_System/src/main/java/com/resortmanagement/system/marketing/service/PromotionService.java:[53,46] cannot find symbol
[ERROR]   symbol:   class PromotionRequest
[ERROR]   location: class com.resortmanagement.system.marketing.service.PromotionService
[ERROR] /C:/Users/admin/Desktop/Resort_Management_System/src/main/java/com/resortmanagement/system/marketing/mapper/PromotionMapper.java:[37,31] cannot find symbol
[ERROR]   symbol:   class PromotionRequest
[ERROR]   location: class com.resortmanagement.system.marketing.mapper.PromotionMapper
[ERROR] /C:/Users/admin/Desktop/Resort_Management_System/src/main/java/com/resortmanagement/system/marketing/mapper/PromotionMapper.java:[57,48] cannot find symbol
[ERROR]   symbol:   class PromotionRequest
[ERROR]   location: class com.resortmanagement.system.marketing.mapper.PromotionMapper
[ERROR] /C:/Users/admin/Desktop/Resort_Management_System/src/main/java/com/resortmanagement/system/common/guest/GuestService.java:[38,48] cannot find symbol
[ERROR]   symbol:   method getEmail()
[ERROR]   location: variable guest of type com.resortmanagement.system.common.guest.Guest
[ERROR] /C:/Users/admin/Desktop/Resort_Management_System/src/main/java/com/resortmanagement/system/common/guest/GuestService.java:[56,43] cannot find symbol
[ERROR]   symbol:   method getFirstName()
[ERROR]   location: variable updatedGuest of type com.resortmanagement.system.common.guest.Guest
[ERROR] /C:/Users/admin/Desktop/Resort_Management_System/src/main/java/com/resortmanagement/system/common/guest/GuestService.java:[57,42] cannot find symbol
[ERROR]   symbol:   method getLastName()
[ERROR]   location: variable updatedGuest of type com.resortmanagement.system.common.guest.Guest
[ERROR] /C:/Users/admin/Desktop/Resort_Management_System/src/main/java/com/resortmanagement/system/common/guest/GuestService.java:[58,39] cannot find symbol
[ERROR]   symbol:   method getPhone()
[ERROR]   location: variable updatedGuest of type com.resortmanagement.system.common.guest.Guest
[ERROR] /C:/Users/admin/Desktop/Resort_Management_System/src/main/java/com/resortmanagement/system/common/guest/GuestService.java:[59,41] cannot find symbol
[ERROR]   symbol:   method getAddress()
[ERROR]   location: variable updatedGuest of type com.resortmanagement.system.common.guest.Guest
[ERROR] /C:/Users/admin/Desktop/Resort_Management_System/src/main/java/com/resortmanagement/system/common/guest/GuestService.java:[60,37] cannot find symbol
[ERROR]   symbol:   method getDob()
[ERROR]   location: variable updatedGuest of type com.resortmanagement.system.common.guest.Guest
[ERROR] /C:/Users/admin/Desktop/Resort_Management_System/src/main/java/com/resortmanagement/system/common/guest/GuestService.java:[76,14] cannot find symbol
[ERROR]   symbol:   method setFirstName(java.lang.String)
[ERROR]   location: variable guest of type com.resortmanagement.system.common.guest.Guest
[ERROR] /C:/Users/admin/Desktop/Resort_Management_System/src/main/java/com/resortmanagement/system/common/guest/GuestService.java:[77,14] cannot find symbol
[ERROR]   symbol:   method setLastName(java.lang.String)
[ERROR]   location: variable guest of type com.resortmanagement.system.common.guest.Guest
[ERROR] /C:/Users/admin/Desktop/Resort_Management_System/src/main/java/com/resortmanagement/system/common/guest/GuestService.java:[78,14] cannot find symbol
[ERROR]   symbol:   method setEmail(java.lang.String)
[ERROR]   location: variable guest of type com.resortmanagement.system.common.guest.Guest
[ERROR] /C:/Users/admin/Desktop/Resort_Management_System/src/main/java/com/resortmanagement/system/common/guest/GuestService.java:[79,14] cannot find symbol
[ERROR]   symbol:   method setPhone(<nulltype>)
[ERROR]   location: variable guest of type com.resortmanagement.system.common.guest.Guest
[ERROR] /C:/Users/admin/Desktop/Resort_Management_System/src/main/java/com/resortmanagement/system/common/guest/GuestService.java:[80,14] cannot find symbol
[ERROR]   symbol:   method setAddress(<nulltype>)
[ERROR]   location: variable guest of type com.resortmanagement.system.common.guest.Guest
[ERROR] /C:/Users/admin/Desktop/Resort_Management_System/src/main/java/com/resortmanagement/system/common/guest/GuestService.java:[81,14] cannot find symbol
[ERROR]   symbol:   method setDob(<nulltype>)
[ERROR]   location: variable guest of type com.resortmanagement.system.common.guest.Guest
[ERROR] /C:/Users/admin/Desktop/Resort_Management_System/src/main/java/com/resortmanagement/system/hr/service/EmployeeService.java:[41,16] cannot find symbol
[ERROR]   symbol:   method getFirstName()
[ERROR]   location: variable dto of type com.resortmanagement.system.hr.dto.employee.EmployeeRequest
[ERROR] /C:/Users/admin/Desktop/Resort_Management_System/src/main/java/com/resortmanagement/system/hr/service/EmployeeService.java:[41,46] cannot find symbol
[ERROR]   symbol:   method getFirstName()
[ERROR]   location: variable dto of type com.resortmanagement.system.hr.dto.employee.EmployeeRequest
[ERROR] /C:/Users/admin/Desktop/Resort_Management_System/src/main/java/com/resortmanagement/system/hr/service/EmployeeService.java:[44,16] cannot find symbol
[ERROR]   symbol:   method getLastName()
[ERROR]   location: variable dto of type com.resortmanagement.system.hr.dto.employee.EmployeeRequest
[ERROR] /C:/Users/admin/Desktop/Resort_Management_System/src/main/java/com/resortmanagement/system/hr/service/EmployeeService.java:[44,45] cannot find symbol
[ERROR]   symbol:   method getLastName()
[ERROR]   location: variable dto of type com.resortmanagement.system.hr.dto.employee.EmployeeRequest
[ERROR] /C:/Users/admin/Desktop/Resort_Management_System/src/main/java/com/resortmanagement/system/hr/service/EmployeeService.java:[47,16] cannot find symbol
[ERROR]   symbol:   method getEmail()
[ERROR]   location: variable dto of type com.resortmanagement.system.hr.dto.employee.EmployeeRequest
[ERROR] /C:/Users/admin/Desktop/Resort_Management_System/src/main/java/com/resortmanagement/system/hr/service/EmployeeService.java:[47,42] cannot find symbol
[ERROR]   symbol:   method getEmail()
[ERROR]   location: variable dto of type com.resortmanagement.system.hr.dto.employee.EmployeeRequest
[ERROR] /C:/Users/admin/Desktop/Resort_Management_System/src/main/java/com/resortmanagement/system/hr/service/EmployeeService.java:[74,26] cannot find symbol
[ERROR]   symbol:   method findByStatusAndDeletedFalse(com.resortmanagement.system.hr.entity.Employee.EmployeeStatus,org.springframework.data.domain.Pageable)
[ERROR]   location: variable repository of type com.resortmanagement.system.hr.repository.EmployeeRepository
[ERROR] /C:/Users/admin/Desktop/Resort_Management_System/src/main/java/com/resortmanagement/system/hr/mapper/EmployeeMapper.java:[28,32] cannot find symbol
[ERROR]   symbol:   method builder()
[ERROR]   location: class com.resortmanagement.system.hr.dto.employee.EmployeeResponse
[ERROR] /C:/Users/admin/Desktop/Resort_Management_System/src/main/java/com/resortmanagement/system/hr/mapper/EmployeeMapper.java:[29,27] cannot find symbol
[ERROR]   symbol:   method getId()
[ERROR]   location: variable entity of type com.resortmanagement.system.hr.entity.Employee
[ERROR] /C:/Users/admin/Desktop/Resort_Management_System/src/main/java/com/resortmanagement/system/hr/mapper/EmployeeMapper.java:[30,34] cannot find symbol
[ERROR]   symbol:   method getFirstName()
[ERROR]   location: variable entity of type com.resortmanagement.system.hr.entity.Employee
[ERROR] /C:/Users/admin/Desktop/Resort_Management_System/src/main/java/com/resortmanagement/system/hr/mapper/EmployeeMapper.java:[31,33] cannot find symbol
[ERROR]   symbol:   method getLastName()
[ERROR]   location: variable entity of type com.resortmanagement.system.hr.entity.Employee
[ERROR] /C:/Users/admin/Desktop/Resort_Management_System/src/main/java/com/resortmanagement/system/hr/mapper/EmployeeMapper.java:[32,30] cannot find symbol
[ERROR]   symbol:   method getEmail()
[ERROR]   location: variable entity of type com.resortmanagement.system.hr.entity.Employee
[ERROR] /C:/Users/admin/Desktop/Resort_Management_System/src/main/java/com/resortmanagement/system/hr/mapper/EmployeeMapper.java:[33,30] cannot find symbol
[ERROR]   symbol:   method getPhone()
[ERROR]   location: variable entity of type com.resortmanagement.system.hr.entity.Employee
[ERROR] /C:/Users/admin/Desktop/Resort_Management_System/src/main/java/com/resortmanagement/system/hr/mapper/EmployeeMapper.java:[34,33] cannot find symbol
[ERROR]   symbol:   method getHireDate()
[ERROR]   location: variable entity of type com.resortmanagement.system.hr.entity.Employee
[ERROR] /C:/Users/admin/Desktop/Resort_Management_System/src/main/java/com/resortmanagement/system/hr/mapper/EmployeeMapper.java:[35,31] cannot find symbol
[ERROR]   symbol:   method getStatus()
[ERROR]   location: variable entity of type com.resortmanagement.system.hr.entity.Employee
[ERROR] /C:/Users/admin/Desktop/Resort_Management_System/src/main/java/com/resortmanagement/system/hr/mapper/EmployeeMapper.java:[36,30] cannot find symbol
[ERROR]   symbol:   method getRoles()
[ERROR]   location: variable entity of type com.resortmanagement.system.hr.entity.Employee
[ERROR] /C:/Users/admin/Desktop/Resort_Management_System/src/main/java/com/resortmanagement/system/hr/mapper/EmployeeMapper.java:[37,33] cannot find symbol
[ERROR]   symbol:   method getRoles()
[ERROR]   location: variable entity of type com.resortmanagement.system.hr.entity.Employee
[ERROR] /C:/Users/admin/Desktop/Resort_Management_System/src/main/java/com/resortmanagement/system/hr/mapper/EmployeeMapper.java:[41,34] cannot find symbol
[ERROR]   symbol:   method getCreatedAt()
[ERROR]   location: variable entity of type com.resortmanagement.system.hr.entity.Employee
[ERROR] /C:/Users/admin/Desktop/Resort_Management_System/src/main/java/com/resortmanagement/system/hr/mapper/EmployeeMapper.java:[42,34] cannot find symbol
[ERROR]   symbol:   method getUpdatedAt()
[ERROR]   location: variable entity of type com.resortmanagement.system.hr.entity.Employee
[ERROR] /C:/Users/admin/Desktop/Resort_Management_System/src/main/java/com/resortmanagement/system/hr/mapper/EmployeeMapper.java:[54,24] cannot find symbol
[ERROR]   symbol:   method builder()
[ERROR]   location: class com.resortmanagement.system.hr.entity.Employee
[ERROR] /C:/Users/admin/Desktop/Resort_Management_System/src/main/java/com/resortmanagement/system/hr/mapper/EmployeeMapper.java:[55,35] cannot find symbol
[ERROR]   symbol:   method getFirstName()
[ERROR]   location: variable request of type com.resortmanagement.system.hr.dto.employee.EmployeeRequest
[ERROR] /C:/Users/admin/Desktop/Resort_Management_System/src/main/java/com/resortmanagement/system/hr/mapper/EmployeeMapper.java:[56,34] cannot find symbol
[ERROR]   symbol:   method getLastName()
[ERROR]   location: variable request of type com.resortmanagement.system.hr.dto.employee.EmployeeRequest
[ERROR] /C:/Users/admin/Desktop/Resort_Management_System/src/main/java/com/resortmanagement/system/hr/mapper/EmployeeMapper.java:[57,31] cannot find symbol
[ERROR]   symbol:   method getEmail()
[ERROR]   location: variable request of type com.resortmanagement.system.hr.dto.employee.EmployeeRequest
[ERROR] /C:/Users/admin/Desktop/Resort_Management_System/src/main/java/com/resortmanagement/system/hr/mapper/EmployeeMapper.java:[58,31] cannot find symbol
[ERROR]   symbol:   method getPhone()
[ERROR]   location: variable request of type com.resortmanagement.system.hr.dto.employee.EmployeeRequest
[ERROR] /C:/Users/admin/Desktop/Resort_Management_System/src/main/java/com/resortmanagement/system/hr/mapper/EmployeeMapper.java:[59,34] cannot find symbol
[ERROR]   symbol:   method getHireDate()
[ERROR]   location: variable request of type com.resortmanagement.system.hr.dto.employee.EmployeeRequest
[ERROR] /C:/Users/admin/Desktop/Resort_Management_System/src/main/java/com/resortmanagement/system/hr/mapper/EmployeeMapper.java:[60,32] cannot find symbol
[ERROR]   symbol:   method getStatus()
[ERROR]   location: variable request of type com.resortmanagement.system.hr.dto.employee.EmployeeRequest
[ERROR] /C:/Users/admin/Desktop/Resort_Management_System/src/main/java/com/resortmanagement/system/hr/mapper/EmployeeMapper.java:[73,36] cannot find symbol
[ERROR]   symbol:   method getFirstName()
[ERROR]   location: variable request of type com.resortmanagement.system.hr.dto.employee.EmployeeRequest
[ERROR] /C:/Users/admin/Desktop/Resort_Management_System/src/main/java/com/resortmanagement/system/hr/mapper/EmployeeMapper.java:[74,35] cannot find symbol
[ERROR]   symbol:   method getLastName()
[ERROR]   location: variable request of type com.resortmanagement.system.hr.dto.employee.EmployeeRequest
[ERROR] /C:/Users/admin/Desktop/Resort_Management_System/src/main/java/com/resortmanagement/system/hr/mapper/EmployeeMapper.java:[75,32] cannot find symbol
[ERROR]   symbol:   method getEmail()
[ERROR]   location: variable request of type com.resortmanagement.system.hr.dto.employee.EmployeeRequest
[ERROR] /C:/Users/admin/Desktop/Resort_Management_System/src/main/java/com/resortmanagement/system/hr/mapper/EmployeeMapper.java:[76,32] cannot find symbol
[ERROR]   symbol:   method getPhone()
[ERROR]   location: variable request of type com.resortmanagement.system.hr.dto.employee.EmployeeRequest
[ERROR] /C:/Users/admin/Desktop/Resort_Management_System/src/main/java/com/resortmanagement/system/hr/mapper/EmployeeMapper.java:[77,35] cannot find symbol
[ERROR]   symbol:   method getHireDate()
[ERROR]   location: variable request of type com.resortmanagement.system.hr.dto.employee.EmployeeRequest
[ERROR] /C:/Users/admin/Desktop/Resort_Management_System/src/main/java/com/resortmanagement/system/hr/mapper/EmployeeMapper.java:[78,33] cannot find symbol
[ERROR]   symbol:   method getStatus()
[ERROR]   location: variable request of type com.resortmanagement.system.hr.dto.employee.EmployeeRequest
[ERROR] /C:/Users/admin/Desktop/Resort_Management_System/src/main/java/com/resortmanagement/system/hr/mapper/RoleMapper.java:[19,28] cannot find symbol
[ERROR]   symbol:   method builder()
[ERROR]   location: class com.resortmanagement.system.hr.dto.role.RoleResponse
[ERROR] /C:/Users/admin/Desktop/Resort_Management_System/src/main/java/com/resortmanagement/system/hr/mapper/RoleMapper.java:[20,27] cannot find symbol
[ERROR]   symbol:   method getId()
[ERROR]   location: variable entity of type com.resortmanagement.system.hr.entity.Role
[ERROR] /C:/Users/admin/Desktop/Resort_Management_System/src/main/java/com/resortmanagement/system/hr/mapper/RoleMapper.java:[21,29] cannot find symbol
[ERROR]   symbol:   method getName()
[ERROR]   location: variable entity of type com.resortmanagement.system.hr.entity.Role
[ERROR] /C:/Users/admin/Desktop/Resort_Management_System/src/main/java/com/resortmanagement/system/hr/mapper/RoleMapper.java:[22,36] cannot find symbol
[ERROR]   symbol:   method getDescription()
[ERROR]   location: variable entity of type com.resortmanagement.system.hr.entity.Role
[ERROR] /C:/Users/admin/Desktop/Resort_Management_System/src/main/java/com/resortmanagement/system/hr/mapper/RoleMapper.java:[23,34] cannot find symbol
[ERROR]   symbol:   method getCreatedAt()
[ERROR]   location: variable entity of type com.resortmanagement.system.hr.entity.Role
[ERROR] /C:/Users/admin/Desktop/Resort_Management_System/src/main/java/com/resortmanagement/system/hr/mapper/RoleMapper.java:[24,34] cannot find symbol
[ERROR]   symbol:   method getUpdatedAt()
[ERROR]   location: variable entity of type com.resortmanagement.system.hr.entity.Role
[ERROR] /C:/Users/admin/Desktop/Resort_Management_System/src/main/java/com/resortmanagement/system/hr/mapper/RoleMapper.java:[36,20] cannot find symbol
[ERROR]   symbol:   method builder()
[ERROR]   location: class com.resortmanagement.system.hr.entity.Role
[ERROR] /C:/Users/admin/Desktop/Resort_Management_System/src/main/java/com/resortmanagement/system/hr/mapper/RoleMapper.java:[37,30] cannot find symbol
[ERROR]   symbol:   method getName()
[ERROR]   location: variable request of type com.resortmanagement.system.hr.dto.role.RoleRequest
[ERROR] /C:/Users/admin/Desktop/Resort_Management_System/src/main/java/com/resortmanagement/system/hr/mapper/RoleMapper.java:[38,37] cannot find symbol
[ERROR]   symbol:   method getDescription()
[ERROR]   location: variable request of type com.resortmanagement.system.hr.dto.role.RoleRequest
[ERROR] /C:/Users/admin/Desktop/Resort_Management_System/src/main/java/com/resortmanagement/system/hr/mapper/RoleMapper.java:[50,31] cannot find symbol
[ERROR]   symbol:   method getName()
[ERROR]   location: variable request of type com.resortmanagement.system.hr.dto.role.RoleRequest
[ERROR] /C:/Users/admin/Desktop/Resort_Management_System/src/main/java/com/resortmanagement/system/hr/mapper/RoleMapper.java:[51,38] cannot find symbol
[ERROR]   symbol:   method getDescription()
[ERROR]   location: variable request of type com.resortmanagement.system.hr.dto.role.RoleRequest
[ERROR] /C:/Users/admin/Desktop/Resort_Management_System/src/main/java/com/resortmanagement/system/hr/controller/EmployeeRoleController.java:[45,16] cannot find symbol
[ERROR]   symbol:   method getEmployeeId()
[ERROR]   location: variable dto of type com.resortmanagement.system.hr.dto.EmployeeRoleDTO
[ERROR] /C:/Users/admin/Desktop/Resort_Management_System/src/main/java/com/resortmanagement/system/hr/controller/EmployeeRoleController.java:[45,47] cannot find symbol
[ERROR]   symbol:   method getRoleId()
[ERROR]   location: variable dto of type com.resortmanagement.system.hr.dto.EmployeeRoleDTO
[ERROR] /C:/Users/admin/Desktop/Resort_Management_System/src/main/java/com/resortmanagement/system/hr/service/EmployeeRoleService.java:[51,16] cannot find symbol
[ERROR]   symbol:   method getEmployeeId()
[ERROR]   location: variable dto of type com.resortmanagement.system.hr.dto.EmployeeRoleDTO
[ERROR] /C:/Users/admin/Desktop/Resort_Management_System/src/main/java/com/resortmanagement/system/hr/service/EmployeeRoleService.java:[54,16] cannot find symbol
[ERROR]   symbol:   method getRoleId()
[ERROR]   location: variable dto of type com.resortmanagement.system.hr.dto.EmployeeRoleDTO
[ERROR] /C:/Users/admin/Desktop/Resort_Management_System/src/main/java/com/resortmanagement/system/hr/service/EmployeeRoleService.java:[60,60] cannot find symbol
[ERROR]   symbol:   method getEmployeeId()
[ERROR]   location: variable dto of type com.resortmanagement.system.hr.dto.EmployeeRoleDTO
[ERROR] /C:/Users/admin/Desktop/Resort_Management_System/src/main/java/com/resortmanagement/system/hr/service/EmployeeRoleService.java:[62,15] cannot find symbol
[ERROR]   symbol:   method setEmployee(com.resortmanagement.system.hr.entity.Employee)
[ERROR]   location: variable entity of type com.resortmanagement.system.hr.entity.EmployeeRole
[ERROR] /C:/Users/admin/Desktop/Resort_Management_System/src/main/java/com/resortmanagement/system/hr/service/EmployeeRoleService.java:[64,48] cannot find symbol
[ERROR]   symbol:   method getRoleId()
[ERROR]   location: variable dto of type com.resortmanagement.system.hr.dto.EmployeeRoleDTO
[ERROR] /C:/Users/admin/Desktop/Resort_Management_System/src/main/java/com/resortmanagement/system/hr/service/EmployeeRoleService.java:[66,15] cannot find symbol
[ERROR]   symbol:   method setRole(com.resortmanagement.system.hr.entity.Role)
[ERROR]   location: variable entity of type com.resortmanagement.system.hr.entity.EmployeeRole
[ERROR] /C:/Users/admin/Desktop/Resort_Management_System/src/main/java/com/resortmanagement/system/hr/service/EmployeeRoleService.java:[68,35] cannot find symbol
[ERROR]   symbol:   method getAssignedDate()
[ERROR]   location: variable dto of type com.resortmanagement.system.hr.dto.EmployeeRoleDTO
[ERROR] /C:/Users/admin/Desktop/Resort_Management_System/src/main/java/com/resortmanagement/system/hr/service/EmployeeRoleService.java:[69,30] cannot find symbol
[ERROR]   symbol:   method getEndDate()
[ERROR]   location: variable dto of type com.resortmanagement.system.hr.dto.EmployeeRoleDTO
[ERROR] /C:/Users/admin/Desktop/Resort_Management_System/src/main/java/com/resortmanagement/system/hr/service/EmployeeRoleService.java:[78,28] cannot find symbol
[ERROR]   symbol:   method getEmployeeId()
[ERROR]   location: variable dto of type com.resortmanagement.system.hr.dto.EmployeeRoleDTO
[ERROR] /C:/Users/admin/Desktop/Resort_Management_System/src/main/java/com/resortmanagement/system/hr/service/EmployeeRoleService.java:[78,65] cannot find symbol
[ERROR]   symbol:   method getEmployee()
[ERROR]   location: variable existing of type com.resortmanagement.system.hr.entity.EmployeeRole
[ERROR] /C:/Users/admin/Desktop/Resort_Management_System/src/main/java/com/resortmanagement/system/hr/service/EmployeeRoleService.java:[78,98] cannot find symbol
[ERROR]   symbol:   method getEmployeeId()
[ERROR]   location: variable dto of type com.resortmanagement.system.hr.dto.EmployeeRoleDTO
[ERROR] /C:/Users/admin/Desktop/Resort_Management_System/src/main/java/com/resortmanagement/system/hr/service/EmployeeRoleService.java:[79,76] cannot find symbol
[ERROR]   symbol:   method getEmployeeId()
[ERROR]   location: variable dto of type com.resortmanagement.system.hr.dto.EmployeeRoleDTO
[ERROR] /C:/Users/admin/Desktop/Resort_Management_System/src/main/java/com/resortmanagement/system/hr/service/EmployeeRoleService.java:[81,33] cannot find symbol
[ERROR]   symbol:   method setEmployee(com.resortmanagement.system.hr.entity.Employee)
[ERROR]   location: variable existing of type com.resortmanagement.system.hr.entity.EmployeeRole
[ERROR] /C:/Users/admin/Desktop/Resort_Management_System/src/main/java/com/resortmanagement/system/hr/service/EmployeeRoleService.java:[83,28] cannot find symbol
[ERROR]   symbol:   method getRoleId()
[ERROR]   location: variable dto of type com.resortmanagement.system.hr.dto.EmployeeRoleDTO
[ERROR] /C:/Users/admin/Desktop/Resort_Management_System/src/main/java/com/resortmanagement/system/hr/service/EmployeeRoleService.java:[83,61] cannot find symbol
[ERROR]   symbol:   method getRole()
[ERROR]   location: variable existing of type com.resortmanagement.system.hr.entity.EmployeeRole
[ERROR] /C:/Users/admin/Desktop/Resort_Management_System/src/main/java/com/resortmanagement/system/hr/service/EmployeeRoleService.java:[83,90] cannot find symbol
[ERROR]   symbol:   method getRoleId()
[ERROR]   location: variable dto of type com.resortmanagement.system.hr.dto.EmployeeRoleDTO
[ERROR] /C:/Users/admin/Desktop/Resort_Management_System/src/main/java/com/resortmanagement/system/hr/service/EmployeeRoleService.java:[84,64] cannot find symbol
[ERROR]   symbol:   method getRoleId()
[ERROR]   location: variable dto of type com.resortmanagement.system.hr.dto.EmployeeRoleDTO
[ERROR] /C:/Users/admin/Desktop/Resort_Management_System/src/main/java/com/resortmanagement/system/hr/service/EmployeeRoleService.java:[86,33] cannot find symbol
[ERROR]   symbol:   method setRole(com.resortmanagement.system.hr.entity.Role)
[ERROR]   location: variable existing of type com.resortmanagement.system.hr.entity.EmployeeRole
[ERROR] /C:/Users/admin/Desktop/Resort_Management_System/src/main/java/com/resortmanagement/system/hr/service/EmployeeRoleService.java:[89,49] cannot find symbol
[ERROR]   symbol:   method getAssignedDate()
[ERROR]   location: variable dto of type com.resortmanagement.system.hr.dto.EmployeeRoleDTO
[ERROR] /C:/Users/admin/Desktop/Resort_Management_System/src/main/java/com/resortmanagement/system/hr/service/EmployeeRoleService.java:[90,44] cannot find symbol
[ERROR]   symbol:   method getEndDate()
[ERROR]   location: variable dto of type com.resortmanagement.system.hr.dto.EmployeeRoleDTO
[ERROR] /C:/Users/admin/Desktop/Resort_Management_System/src/main/java/com/resortmanagement/system/hr/service/EmployeeRoleService.java:[93,29] incompatible types: no instance(s) of type variable(s) X exist so that java.lang.Object conforms to com.resortmanagement.system.hr.dto.EmployeeRoleDTO
[ERROR] /C:/Users/admin/Desktop/Resort_Management_System/src/main/java/com/resortmanagement/system/hr/service/PayrollService.java:[32,26] method findByDeletedFalse in interface com.resortmanagement.system.common.repository.SoftDeleteRepository<T,ID> cannot be applied to given types;
[ERROR]   required: no arguments
[ERROR]   found:    org.springframework.data.domain.Pageable
[ERROR]   reason: actual and formal argument lists differ in length
[ERROR] /C:/Users/admin/Desktop/Resort_Management_System/src/main/java/com/resortmanagement/system/hr/service/PayrollService.java:[41,16] cannot find symbol
[ERROR]   symbol:   method getEmployeeId()
[ERROR]   location: variable dto of type com.resortmanagement.system.hr.dto.payroll.PayrollRequest
[ERROR] /C:/Users/admin/Desktop/Resort_Management_System/src/main/java/com/resortmanagement/system/hr/service/PayrollService.java:[44,16] cannot find symbol
[ERROR]   symbol:   method getPeriodStart()
[ERROR]   location: variable dto of type com.resortmanagement.system.hr.dto.payroll.PayrollRequest
[ERROR] /C:/Users/admin/Desktop/Resort_Management_System/src/main/java/com/resortmanagement/system/hr/service/PayrollService.java:[47,16] cannot find symbol
[ERROR]   symbol:   method getPeriodEnd()
[ERROR]   location: variable dto of type com.resortmanagement.system.hr.dto.payroll.PayrollRequest
[ERROR] /C:/Users/admin/Desktop/Resort_Management_System/src/main/java/com/resortmanagement/system/hr/service/PayrollService.java:[74,26] cannot find symbol
[ERROR]   symbol:   method findByEmployee_IdAndDeletedFalse(java.util.UUID,org.springframework.data.domain.Pageable)
[ERROR]   location: variable repository of type com.resortmanagement.system.hr.repository.PayrollRepository
[ERROR] /C:/Users/admin/Desktop/Resort_Management_System/src/main/java/com/resortmanagement/system/hr/mapper/PayrollMapper.java:[27,9] cannot find symbol
[ERROR]   symbol:   class UUID
[ERROR]   location: class com.resortmanagement.system.hr.mapper.PayrollMapper
[ERROR] /C:/Users/admin/Desktop/Resort_Management_System/src/main/java/com/resortmanagement/system/hr/mapper/PayrollMapper.java:[30,19] cannot find symbol
[ERROR]   symbol:   method getEmployee()
[ERROR]   location: variable entity of type com.resortmanagement.system.hr.entity.Payroll
[ERROR] /C:/Users/admin/Desktop/Resort_Management_System/src/main/java/com/resortmanagement/system/hr/mapper/PayrollMapper.java:[31,32] cannot find symbol
[ERROR]   symbol:   method getEmployee()
[ERROR]   location: variable entity of type com.resortmanagement.system.hr.entity.Payroll
[ERROR] -> [Help 1]
[ERROR] 
[ERROR] To see the full stack trace of the errors, re-run Maven with the -e switch.
[ERROR] Re-run Maven using the -X switch to enable full debug logging.
[ERROR] 
[ERROR] For more information about the errors and possible solutions, please read the following articles:
[ERROR] [Help 1] http://cwiki.apache.org/confluence/display/MAVEN/MojoFailureException
